$ bun run check:knip && bun run check:effect && bun run check:effect-diagnostics && biome check . && tsc --noEmit -p tsconfig.json && tsc --noEmit -p tsconfig.workers.json && bun run check:binding-contract && bun run check:community-creator-activation && bun run lint:deps && bun run lint:http-boundary && bun run check:migrations:worktree && bun run check:fresh && bun run verify:api-client
$ node scripts/knip-ratchet.mjs
knip-ratchet: files 0/0, exports 37/37, types 79/79, duplicates 0/0
$ node scripts/check-effect-version.mjs
check:effect — Effect packages pinned to 4.0.0-rc.109
$ bun scripts/ensure-tsgo-executable.mjs && bunx effect-tsgo diagnostics --project tsconfig.json --format text --strict --severity error && bunx effect-tsgo diagnostics --project tsconfig.workers.json --format text --strict --severity error
Checked 713 files out of 713 files.
0 errors, 0 warnings and 0 messages.
Checked 529 files out of 529 files.
0 errors, 0 warnings and 0 messages.
biome.json:19:13 deserialize  DEPRECATED  ━━━━━━━━━━━━━━━━━━━━━━━━━━━━━━━━━━━━━━━━━━━━━━━━━━━━━━━━━━

  i The use of the recommended field has been deprecated, and will removed in the next major version of Biome. Use preset instead.

    17 │     "lineWidth": 100
    18 │   },
  > 19 │   "linter": {
       │             ^
  > 20 │     "enabled": true,
  > 21 │     "rules": {
  > 22 │       "recommended": true
  > 23 │     }
  > 24 │   },
       │   ^
    25 │   "assist": {
    26 │     "actions": {

  i Migrate the configuration with the proper command

  $ biome migrate


packages/application/src/karaoke-runtime/scoring.ts:727:5 lint/style/noNonNullAssertion ━━━━━━━━━━━━

  ! Forbidden non-null assertion.

    725 │   );
    726 │   for (let i = 1; i <= rows; i += 1) {
  > 727 │     best[i]![0] = best[i - 1]![0]! - ALIGNMENT_GAP_PENALTY;
        │     ^^^^^^^^
    728 │   }
    729 │   for (let j = 1; j <= cols; j += 1) {


packages/application/src/karaoke-runtime/scoring.ts:727:19 lint/style/noNonNullAssertion  FIXABLE  ━━━━━━━━━━

  ! Forbidden non-null assertion.

    725 │   );
    726 │   for (let i = 1; i <= rows; i += 1) {
  > 727 │     best[i]![0] = best[i - 1]![0]! - ALIGNMENT_GAP_PENALTY;
        │                   ^^^^^^^^^^^^
    728 │   }
    729 │   for (let j = 1; j <= cols; j += 1) {

  i Unsafe fix: Replace with optional chain operator ?. This operator includes runtime checks, so it is safer than the compile-only non-null assertion operator

     725  725 │     );
     726  726 │     for (let i = 1; i <= rows; i += 1) {
     727      │ - ····best[i]![0]·=·best[i·-·1]![0]!·-·ALIGNMENT_GAP_PENALTY;
          727 │ + ····best[i]![0]·=·best[i·-·1]?.[0]!·-·ALIGNMENT_GAP_PENALTY;
     728  728 │     }
     729  729 │     for (let j = 1; j <= cols; j += 1) {


packages/application/src/karaoke-runtime/scoring.ts:727:19 lint/style/noNonNullAssertion ━━━━━━━━━━━

  ! Forbidden non-null assertion.

    725 │   );
    726 │   for (let i = 1; i <= rows; i += 1) {
  > 727 │     best[i]![0] = best[i - 1]![0]! - ALIGNMENT_GAP_PENALTY;
        │                   ^^^^^^^^^^^^^^^^
    728 │   }
    729 │   for (let j = 1; j <= cols; j += 1) {


packages/application/src/karaoke-runtime/scoring.ts:730:5 lint/style/noNonNullAssertion ━━━━━━━━━━━━

  ! Forbidden non-null assertion.

    728 │   }
    729 │   for (let j = 1; j <= cols; j += 1) {
  > 730 │     best[0]![j] = best[0]![j - 1]! - ALIGNMENT_GAP_PENALTY;
        │     ^^^^^^^^
    731 │   }
    732 │


packages/application/src/karaoke-runtime/scoring.ts:730:19 lint/style/noNonNullAssertion  FIXABLE  ━━━━━━━━━━

  ! Forbidden non-null assertion.

    728 │   }
    729 │   for (let j = 1; j <= cols; j += 1) {
  > 730 │     best[0]![j] = best[0]![j - 1]! - ALIGNMENT_GAP_PENALTY;
        │                   ^^^^^^^^
    731 │   }
    732 │

  i Unsafe fix: Replace with optional chain operator ?. This operator includes runtime checks, so it is safer than the compile-only non-null assertion operator

     728  728 │     }
     729  729 │     for (let j = 1; j <= cols; j += 1) {
     730      │ - ····best[0]![j]·=·best[0]![j·-·1]!·-·ALIGNMENT_GAP_PENALTY;
          730 │ + ····best[0]![j]·=·best[0]?.[j·-·1]!·-·ALIGNMENT_GAP_PENALTY;
     731  731 │     }
     732  732 │


packages/application/src/karaoke-runtime/tests/reducer-watermark.test.ts:230:21 lint/style/noNonNullAssertion ━━━━━━━━━━

  ! Forbidden non-null assertion.

    228 │     }).state;
    229 │
  > 230 │     const l1Score = state.finalizedLineScores.find((s) => s.lineId === "l1")!;
        │                     ^^^^^^^^^^^^^^^^^^^^^^^^^^^^^^^^^^^^^^^^^^^^^^^^^^^^^^^^^
    231 │     const l2Score = state.finalizedLineScores.find((s) => s.lineId === "l2")!;
    232 │     expect(l2Score.uncertain).toBe(true);


packages/application/src/karaoke-runtime/tests/reducer-watermark.test.ts:231:21 lint/style/noNonNullAssertion ━━━━━━━━━━

  ! Forbidden non-null assertion.

    230 │     const l1Score = state.finalizedLineScores.find((s) => s.lineId === "l1")!;
  > 231 │     const l2Score = state.finalizedLineScores.find((s) => s.lineId === "l2")!;
        │                     ^^^^^^^^^^^^^^^^^^^^^^^^^^^^^^^^^^^^^^^^^^^^^^^^^^^^^^^^^
    232 │     expect(l2Score.uncertain).toBe(true);
    233 │     expect(l1Score.uncertain).toBe(false);


packages/application/src/karaoke-runtime/tests/reducer-watermark.test.ts:246:60 lint/style/noNonNullAssertion  FIXABLE  ━━━━━━━━━━

  ! Forbidden non-null assertion.

    244 │     expect(finished.state.summary?.timingCalibration.state).toBe("uncalibrated");
    245 │     const summaryL1 = finished.state.summary?.strongestLines.find((s) => s.lineId === "l1");
  > 246 │     expect(finished.state.summary?.finalScore).toBeCloseTo(summaryL1!.score, 5);
        │                                                            ^^^^^^^^^^
    247 │     expect(l1Score.uncertain).toBe(false);
    248 │   });

  i Unsafe fix: Replace with optional chain operator ?. This operator includes runtime checks, so it is safer than the compile-only non-null assertion operator

    244 244 │       expect(finished.state.summary?.timingCalibration.state).toBe("uncalibrated");
    245 245 │       const summaryL1 = finished.state.summary?.strongestLines.find((s) => s.lineId === "l1");
    246     │ - ····expect(finished.state.summary?.finalScore).toBeCloseTo(summaryL1!.score,·5);
        246 │ + ····expect(finished.state.summary?.finalScore).toBeCloseTo(summaryL1?.score,·5);
    247 247 │       expect(l1Score.uncertain).toBe(false);
    248 248 │     });


packages/application/src/karaoke-runtime/tests/scoring-offset.test.ts:65:14 lint/style/noNonNullAssertion  FIXABLE  ━━━━━━━━━━

  ! Forbidden non-null assertion.

    63 │     expect(calibration.state).toBe("calibrated");
    64 │     for (const ls of lineScores) {
  > 65 │       expect(ls.timingScore!.score).toBeGreaterThan(0.98);
       │              ^^^^^^^^^^^^^^^
    66 │     }
    67 │   });

  i Unsafe fix: Replace with optional chain operator ?. This operator includes runtime checks, so it is safer than the compile-only non-null assertion operator

     63  63 │       expect(calibration.state).toBe("calibrated");
     64  64 │       for (const ls of lineScores) {
     65     │ - ······expect(ls.timingScore!.score).toBeGreaterThan(0.98);
         65 │ + ······expect(ls.timingScore?.score).toBeGreaterThan(0.98);
     66  66 │       }
     67  67 │     });


packages/application/src/karaoke-runtime/tests/scoring-offset.test.ts:108:12 lint/style/noNonNullAssertion  FIXABLE  ━━━━━━━━━━

  ! Forbidden non-null assertion.

    106 │     expect(Math.abs(offsetMs)).toBeLessThanOrEqual(10);
    107 │     // The two wildly off lines still carry a real timing penalty.
  > 108 │     expect(lineScores[0]!.timingScore!.score).toBeLessThan(0.7);
        │            ^^^^^^^^^^^^^^
    109 │     expect(lineScores[2]!.timingScore!.score).toBeLessThan(0.7);
    110 │     // …but neither is zeroed: they were measured, and a measured line keeps a floor.

  i Unsafe fix: Replace with optional chain operator ?. This operator includes runtime checks, so it is safer than the compile-only non-null assertion operator

    106 106 │       expect(Math.abs(offsetMs)).toBeLessThanOrEqual(10);
    107 107 │       // The two wildly off lines still carry a real timing penalty.
    108     │ - ····expect(lineScores[0]!.timingScore!.score).toBeLessThan(0.7);
        108 │ + ····expect(lineScores[0]?.timingScore!.score).toBeLessThan(0.7);
    109 109 │       expect(lineScores[2]!.timingScore!.score).toBeLessThan(0.7);
    110 110 │       // …but neither is zeroed: they were measured, and a measured line keeps a floor.


packages/application/src/karaoke-runtime/tests/scoring-offset.test.ts:108:12 lint/style/noNonNullAssertion  FIXABLE  ━━━━━━━━━━

  ! Forbidden non-null assertion.

    106 │     expect(Math.abs(offsetMs)).toBeLessThanOrEqual(10);
    107 │     // The two wildly off lines still carry a real timing penalty.
  > 108 │     expect(lineScores[0]!.timingScore!.score).toBeLessThan(0.7);
        │            ^^^^^^^^^^^^^^^^^^^^^^^^^^^
    109 │     expect(lineScores[2]!.timingScore!.score).toBeLessThan(0.7);
    110 │     // …but neither is zeroed: they were measured, and a measured line keeps a floor.

  i Unsafe fix: Replace with optional chain operator ?. This operator includes runtime checks, so it is safer than the compile-only non-null assertion operator

    106 106 │       expect(Math.abs(offsetMs)).toBeLessThanOrEqual(10);
    107 107 │       // The two wildly off lines still carry a real timing penalty.
    108     │ - ····expect(lineScores[0]!.timingScore!.score).toBeLessThan(0.7);
        108 │ + ····expect(lineScores[0]!.timingScore?.score).toBeLessThan(0.7);
    109 109 │       expect(lineScores[2]!.timingScore!.score).toBeLessThan(0.7);
    110 110 │       // …but neither is zeroed: they were measured, and a measured line keeps a floor.


packages/application/src/karaoke-runtime/tests/scoring-offset.test.ts:109:12 lint/style/noNonNullAssertion  FIXABLE  ━━━━━━━━━━

  ! Forbidden non-null assertion.

    107 │     // The two wildly off lines still carry a real timing penalty.
    108 │     expect(lineScores[0]!.timingScore!.score).toBeLessThan(0.7);
  > 109 │     expect(lineScores[2]!.timingScore!.score).toBeLessThan(0.7);
        │            ^^^^^^^^^^^^^^
    110 │     // …but neither is zeroed: they were measured, and a measured line keeps a floor.
    111 │     expect(lineScores[0]!.timingScore!.score).toBeGreaterThan(0.1);

  i Unsafe fix: Replace with optional chain operator ?. This operator includes runtime checks, so it is safer than the compile-only non-null assertion operator

    107 107 │       // The two wildly off lines still carry a real timing penalty.
    108 108 │       expect(lineScores[0]!.timingScore!.score).toBeLessThan(0.7);
    109     │ - ····expect(lineScores[2]!.timingScore!.score).toBeLessThan(0.7);
        109 │ + ····expect(lineScores[2]?.timingScore!.score).toBeLessThan(0.7);
    110 110 │       // …but neither is zeroed: they were measured, and a measured line keeps a floor.
    111 111 │       expect(lineScores[0]!.timingScore!.score).toBeGreaterThan(0.1);


packages/application/src/karaoke-runtime/tests/scoring-offset.test.ts:109:12 lint/style/noNonNullAssertion  FIXABLE  ━━━━━━━━━━

  ! Forbidden non-null assertion.

    107 │     // The two wildly off lines still carry a real timing penalty.
    108 │     expect(lineScores[0]!.timingScore!.score).toBeLessThan(0.7);
  > 109 │     expect(lineScores[2]!.timingScore!.score).toBeLessThan(0.7);
        │            ^^^^^^^^^^^^^^^^^^^^^^^^^^^
    110 │     // …but neither is zeroed: they were measured, and a measured line keeps a floor.
    111 │     expect(lineScores[0]!.timingScore!.score).toBeGreaterThan(0.1);

  i Unsafe fix: Replace with optional chain operator ?. This operator includes runtime checks, so it is safer than the compile-only non-null assertion operator

    107 107 │       // The two wildly off lines still carry a real timing penalty.
    108 108 │       expect(lineScores[0]!.timingScore!.score).toBeLessThan(0.7);
    109     │ - ····expect(lineScores[2]!.timingScore!.score).toBeLessThan(0.7);
        109 │ + ····expect(lineScores[2]!.timingScore?.score).toBeLessThan(0.7);
    110 110 │       // …but neither is zeroed: they were measured, and a measured line keeps a floor.
    111 111 │       expect(lineScores[0]!.timingScore!.score).toBeGreaterThan(0.1);


packages/application/src/karaoke-runtime/tests/scoring-offset.test.ts:111:12 lint/style/noNonNullAssertion  FIXABLE  ━━━━━━━━━━

  ! Forbidden non-null assertion.

    109 │     expect(lineScores[2]!.timingScore!.score).toBeLessThan(0.7);
    110 │     // …but neither is zeroed: they were measured, and a measured line keeps a floor.
  > 111 │     expect(lineScores[0]!.timingScore!.score).toBeGreaterThan(0.1);
        │            ^^^^^^^^^^^^^^
    112 │   });
    113 │

  i Unsafe fix: Replace with optional chain operator ?. This operator includes runtime checks, so it is safer than the compile-only non-null assertion operator

    109 109 │       expect(lineScores[2]!.timingScore!.score).toBeLessThan(0.7);
    110 110 │       // …but neither is zeroed: they were measured, and a measured line keeps a floor.
    111     │ - ····expect(lineScores[0]!.timingScore!.score).toBeGreaterThan(0.1);
        111 │ + ····expect(lineScores[0]?.timingScore!.score).toBeGreaterThan(0.1);
    112 112 │     });
    113 113 │


packages/application/src/karaoke-runtime/tests/scoring-offset.test.ts:111:12 lint/style/noNonNullAssertion  FIXABLE  ━━━━━━━━━━

  ! Forbidden non-null assertion.

    109 │     expect(lineScores[2]!.timingScore!.score).toBeLessThan(0.7);
    110 │     // …but neither is zeroed: they were measured, and a measured line keeps a floor.
  > 111 │     expect(lineScores[0]!.timingScore!.score).toBeGreaterThan(0.1);
        │            ^^^^^^^^^^^^^^^^^^^^^^^^^^^
    112 │   });
    113 │

  i Unsafe fix: Replace with optional chain operator ?. This operator includes runtime checks, so it is safer than the compile-only non-null assertion operator

    109 109 │       expect(lineScores[2]!.timingScore!.score).toBeLessThan(0.7);
    110 110 │       // …but neither is zeroed: they were measured, and a measured line keeps a floor.
    111     │ - ····expect(lineScores[0]!.timingScore!.score).toBeGreaterThan(0.1);
        111 │ + ····expect(lineScores[0]!.timingScore?.score).toBeGreaterThan(0.1);
    112 112 │     });
    113 113 │


packages/application/src/karaoke-runtime/tests/scoring-timing-alignment.test.ts:49:20 lint/style/noNonNullAssertion ━━━━━━━━━━

  ! Forbidden non-null assertion.

    47 │     ]);
    48 │
  > 49 │     const timing = scoreKaraokeLineTiming({ expectedLine: line, recognizedWords: words })!;
       │                    ^^^^^^^^^^^^^^^^^^^^^^^^^^^^^^^^^^^^^^^^^^^^^^^^^^^^^^^^^^^^^^^^^^^^^^^
    50 │
    51 │     expect(timing.matchedWordCount).toBe(3);


packages/application/src/karaoke-runtime/tests/scoring-timing-alignment.test.ts:74:20 lint/style/noNonNullAssertion ━━━━━━━━━━

  ! Forbidden non-null assertion.

    72 │     ]);
    73 │
  > 74 │     const timing = scoreKaraokeLineTiming({ expectedLine: line, recognizedWords: words })!;
       │                    ^^^^^^^^^^^^^^^^^^^^^^^^^^^^^^^^^^^^^^^^^^^^^^^^^^^^^^^^^^^^^^^^^^^^^^^
    75 │
    76 │     expect(timing.matchedWordCount).toBe(3);


packages/application/src/karaoke-runtime/tests/scoring-timing-alignment.test.ts:92:20 lint/style/noNonNullAssertion ━━━━━━━━━━

  ! Forbidden non-null assertion.

    90 │     ]);
    91 │
  > 92 │     const timing = scoreKaraokeLineTiming({ expectedLine: line, recognizedWords: words })!;
       │                    ^^^^^^^^^^^^^^^^^^^^^^^^^^^^^^^^^^^^^^^^^^^^^^^^^^^^^^^^^^^^^^^^^^^^^^^
    93 │
    94 │     expect(timing.matchedWordCount).toBe(2);


packages/application/src/karaoke-runtime/tests/scoring-timing-alignment.test.ts:115:20 lint/style/noNonNullAssertion ━━━━━━━━━━

  ! Forbidden non-null assertion.

    113 │     ]);
    114 │
  > 115 │     const timing = scoreKaraokeLineTiming({ expectedLine: line, recognizedWords: words })!;
        │                    ^^^^^^^^^^^^^^^^^^^^^^^^^^^^^^^^^^^^^^^^^^^^^^^^^^^^^^^^^^^^^^^^^^^^^^^
    116 │
    117 │     expect(timing.medianSignedDeltaMs).toBe(60);


The number of diagnostics exceeds the limit allowed. Use --max-diagnostics to increase it.
Diagnostics not shown: 22.
Checked 1382 files in 1960ms. No fixes applied.
Found 41 warnings.
Found 1 info.
packages/platform-cf/src/postgres-foundation.pg.test.ts(1089,9): error TS2554: Expected 1 arguments, but got 2.
error: script "check" exited with code 1
